---------appTest/checkSaveQuery.test----------
			<= command =>
(export stubbedDate="2019-11-30T04:32:11.812Z";node beverage.js --save --beverage "Orage" --empId 1 --qty 1)

			<= actual output =>
Employee ID, Beverage, Quantity, Date
1,Orage,1,2019-11-30T04:32:11.812Z


			<= expected output =>
Employee ID, Beverage, Quantity, Date
1,Orage,1,2019-11-30T04:32:11.812Z
